Beads                                           │ Select a bead to view details                                         
                                                │                                                                       
  (no beads loaded)                             │                                                                       
                                                │                                                                       
                                                │                                                                       
                                                │                                                                       
                                                │                                                                       
                                                │                                                                       
                                                │                                                                       
                                                │                                                                       
                                                │                                                                       
                                                │                                                                       
                                                │                                                                       
                                                │                                                                       
                                                │                                                                       
                                                │                                                                       
                                                │                                                                       
                                                │                                                                       
                                                │                                                                       
                                                │                                                                       
                                                │                                                                       
                                                │                                                                       
                                                │                                                                       
                                                │                                                                       
                                                │                                                                       
                                                │                                                                       
                                                │                                                                       
                                                │                                                                       
                                                │                                                                       
                                                │                                                                       
                                                │                                                                       
                                                │                                                                       
                                                │                                                                       
                                                │                                                                       
                                                │                                                                       
                                                │                                                                       
                                                │                                                                       
                                                │                                                                       
                                                │                                                                       
[q] Quit  [/] Search  [f] Filter  [?] Help                                                                   Refresh: 2s