Beads                                           │ proj-2                                                                
                                                │ ──────────────────────────────────────────────────────────────────────
  (no beads loaded)                             │ Title:  Feature: User auth                                            
                                                │ Type:   feature      Status: open                                     
                                                │ Priority: 1          Owner: dev@test.com                              
                                                │ Created: 2026-03-10  Updated: 2026-03-10                              
                                                │ ──────────────────────────────────────────────────────────────────────
                                                │                                                                       
                                                │                                                                       
                                                │                                                                       
                                                │                                                                       
                                                │                                                                       
                                                │                                                                       
                                                │                                                                       
                                                │                                                                       
                                                │                                                                       
                                                │                                                                       
                                                │                                                                       
                                                │                                                                       
                                                │                                                                       
                                                │                                                                       
                                                │                                                                       
                                                │                                                                       
                                                │                                                                       
                                                │                                                                       
                                                │                                                                       
                                                │                                                                       
                                                │                                                                       
                                                │                                                                       
                                                │                                                                       
                                                │                                                                       
                                                │                                                                       
                                                │                                                                       
                                                │                                                                       
                                                │                                                                       
                                                │                                                                       
                                                │                                                                       
                                                │                                                                       
                                                │                                                                       
[q] Quit  [/] Search  [f] Filter  [?] Help                                                                   Refresh: 2s