Beads                                           │ proj-1                                                                
▼ proj-1  epic  ◉  [1/3]  Epic: Project setup   │ ──────────────────────────────────────────────────────────────────────
├── proj-1.1  task  ✓  Set up CI pipeline       │ Title:  Epic: Project setup                                           
├── proj-1.2  task  ○  Configure linting        │ Type:   epic         Status: in_progress                              
└── proj-1.3  task  ✗  Write integration tests  │ Priority: 0          Owner: dev@test.com                              
proj-2  feat  ○  Feature: User auth             │ Created: 2026-03-10  Updated: 2026-03-11                              
                                                │ ──────────────────────────────────────────────────────────────────────
                                                │                                                                       
                                                │                                                                       
                                                │                                                                       
                                                │                                                                       
                                                │                                                                       
                                                │                                                                       
                                                │                                                                       
                                                │                                                                       
                                                │                                                                       
                                                │                                                                       
                                                │                                                                       
                                                │                                                                       
                                                │                                                                       
                                                │                                                                       
                                                │                                                                       
                                                │                                                                       
                                                │                                                                       
                                                │                                                                       
                                                │                                                                       
                                                │                                                                       
                                                │                                                                       
                                                │                                                                       
                                                │                                                                       
                                                │                                                                       
                                                │                                                                       
                                                │                                                                       
                                                │                                                                       
                                                │                                                                       
                                                │                                                                       
                                                │                                                                       
                                                │                                                                       
                                                │                                                                       
[q] Quit  [/] Search  [f] Filter  [?] Help                                                                   Refresh: 2s